#-----------------------------------------------------------
# Vivado v2018.3 (64-bit)
# SW Build 2405991 on Thu Dec  6 23:38:27 MST 2018
# IP Build 2404404 on Fri Dec  7 01:43:56 MST 2018
# Start of session at: Mon Mar 16 19:57:57 2020
# Process ID: 16112
# Current directory: F:/Repos/MIPS-CPU-HDL/Single-Cycle-MIPS
# Command line: vivado.exe -gui_launcher_event rodinguilauncherevent27036 F:\Repos\MIPS-CPU-HDL\Single-Cycle-MIPS\Single-Cycle-MIPS.xpr
# Log file: F:/Repos/MIPS-CPU-HDL/Single-Cycle-MIPS/vivado.log
# Journal file: F:/Repos/MIPS-CPU-HDL/Single-Cycle-MIPS\vivado.jou
#-----------------------------------------------------------
start_gui
open_project F:/Repos/MIPS-CPU-HDL/Single-Cycle-MIPS/Single-Cycle-MIPS.xpr
update_compile_order -fileset sources_1
launch_simulation
source cpu_tb.tcl
close_sim
launch_simulation
source cpu_tb.tcl
close_sim
close [ open F:/Repos/MIPS-CPU-HDL/Single-Cycle-MIPS/Single-Cycle-MIPS.srcs/sources_1/new/mux4.sv w ]
add_files F:/Repos/MIPS-CPU-HDL/Single-Cycle-MIPS/Single-Cycle-MIPS.srcs/sources_1/new/mux4.sv
update_compile_order -fileset sources_1
update_compile_order -fileset sources_1
launch_simulation
source cpu_tb.tcl
close_sim
launch_simulation
source cpu_tb.tcl
close_sim
launch_simulation
source cpu_tb.tcl
close_sim
launch_simulation
source cpu_tb.tcl
close_sim
launch_simulation
source cpu_tb.tcl
current_wave_config {Untitled 7}
add_wave {{/cpu_tb/mips/regfile/R[17]}} 
current_wave_config {Untitled 7}
add_wave {{/cpu_tb/mips/control/RegWrite}} 
current_wave_config {Untitled 7}
add_wave {{/cpu_tb/mips/regfile/wd3}} 
close_sim
launch_simulation
source cpu_tb.tcl
current_wave_config {Untitled 8}
add_wave {{/cpu_tb/mips/regfile/R[17]}} 
current_wave_config {Untitled 8}
add_wave {{/cpu_tb/mips/control/RegWrite}} 
current_wave_config {Untitled 8}
add_wave {{/cpu_tb/mips/control/PCSrc}} 
current_wave_config {Untitled 8}
add_wave {{/cpu_tb/mips/control/Op}} 
close_sim
launch_simulation
source cpu_tb.tcl
close_sim
launch_simulation
source cpu_tb.tcl
close_sim
